HI-TECH Software C Compiler 

Linker command line:

--edf=C:\Program Files (x86)\HI-TECH Software\PICC\9.82\dat\en_msgs.txt -cs \
  -h+sy5.sym -z -Q16F877A -ol.obj -Msy5.map -E1 -ACONST=00h-0FFhx32 \
  -ACODE=00h-07FFhx4 -ASTRCODE=00h-01FFFh -AENTRY=00h-0FFhx32 \
  -ASTRING=00h-0FFhx32 -ABANK0=020h-06Fh -ABANK1=0A0h-0EFh \
  -ABANK2=0110h-016Fh -ABANK3=0190h-01EFh \
  -ARAM=020h-06Fh,0A0h-0EFh,0110h-016Fh,0190h-01EFh \
  -AABS1=020h-07Fh,0A0h-0EFh,0110h-016Fh,0190h-01EFh -ACOMMON=070h-07Fh \
  -ASFR0=00h-01Fh -ASFR1=080h-09Fh -ASFR2=0100h-010Fh -ASFR3=0180h-018Fh \
  -preset_vec=00h,intentry=04h,init,end_init -ppowerup=CODE -pfunctab=CODE \
  -ACONFIG=02007h-02007h -pconfig=CONFIG -DCONFIG=2 -AIDLOC=02000h-02003h \
  -pidloc=IDLOC -DIDLOC=2 -AEEDATA=00h-0FFh/02100h -peeprom_data=EEDATA \
  -DEEDATA=2 -DCODE=2 -DSTRCODE=2 -DSTRING=2 -DCONST=2 -DENTRY=2 -k \
  startup.obj sy5.obj 

Object code version is 3.10

Machine type is 16F877A



                Name                               Link     Load   Length Selector   Space Scale
startup.obj     end_init                             12       12        3        8       0
                reset_vec                             0        0        3        0       0
sy5.obj         intentry                              4        4        E        8       0
                config                             2007     2007        1     400E       0
                text235                              B1       B1       4A        8       0
                text234                             12C      12C       1C        8       0
                text233                             194      194        E        8       0
                text232                             186      186        E        8       0
                text231                              FB       FB       31        8       0
                maintext                             15       15       9C        8       0
                cstackBANK0                          34       34        3       20       1
                cstackCOMMON                         70       70        6       70       1
                inittext                            163      163       13        8       0
                dataBANK0                            20       20       10       20       1
                bssBANK0                             30       30        4       20       1
                bssCOMMON                            76       76        4       70       1
                bitbssCOMMON                        3D0       7A        1       70       1     8
                cinit                               148      148       1B        8       0
                idataBANK0                          176      176       10        8       0

TOTAL           Name                               Link     Load   Length     Space
        CLASS   CONST          

        CLASS   CODE           
                end_init                             12       12        3         0
                intentry                              4        4        E         0
                reset_vec                             0        0        3         0
                text235                              B1       B1       4A         0
                text234                             12C      12C       1C         0
                text233                             194      194        E         0
                text232                             186      186        E         0
                text231                              FB       FB       31         0
                maintext                             15       15       9C         0
                inittext                            163      163       13         0
                cinit                               148      148       1B         0
                idataBANK0                          176      176       10         0

        CLASS   STRCODE        

        CLASS   ENTRY          

        CLASS   STRING         

        CLASS   BANK0          
                cstackBANK0                          34       34        3         1
                dataBANK0                            20       20       10         1
                bssBANK0                             30       30        4         1

        CLASS   BANK1          

        CLASS   BANK2          

        CLASS   BANK3          

        CLASS   RAM            

        CLASS   ABS1           
                abs_s1                               7E       7E        2         1

        CLASS   COMMON         
                cstackCOMMON                         70       70        6         1
                bssCOMMON                            76       76        4         1
                bitbssCOMMON                        3D0       7A        1         1

        CLASS   SFR0           

        CLASS   SFR1           

        CLASS   SFR2           

        CLASS   SFR3           

        CLASS   CONFIG         
                config                             2007     2007        1         0

        CLASS   IDLOC          

        CLASS   EEDATA         



SEGMENTS        Name                           Load    Length   Top    Selector   Space  Class     Delta

                reset_vec                      000000  000003  000003         0       0  CODE        2
                intentry                       000004  00019E  0001A2         8       0  CODE        2
                dataBANK0                      000020  000017  000037        20       1  BANK0       1
                cstackCOMMON                   000070  00000B  00007B        70       1  COMMON      1
                config                         002007  000001  002008      400E       0  CONFIG      2


UNUSED ADDRESS RANGES

        Name                Unused          Largest block    Delta
        BANK0            0037-006F             39           1
        BANK1            00A0-00EF             50           1
        BANK2            0110-016F             60           1
        BANK3            0190-01EF             60           1
        CODE             0003-0003              1           2
                         01A2-1FFF            800
        COMMON           007B-007D              3           1
        CONST            0003-0003              1           2
                         01A2-1FFF            100
        EEDATA           2100-21FF            100           2
        ENTRY            0003-0003              1           2
                         01A2-1FFF            100
        IDLOC            2000-2003              4           2
        RAM              0037-006F             39           1
                         00A0-00EF             50
                         0110-016F             60
                         0190-01EF             60
        SFR0             0000-001F             20           1
        SFR1             0080-009F             20           1
        SFR2             0100-010F             10           1
        SFR3             0180-018F             10           1
        STRCODE          0003-0003              1           2
                         01A2-1FFF           1E5E
        STRING           0003-0003              1           2
                         01A2-1FFF            100

                                  Symbol Table

??_DELAY              cstackBANK0  0034
??_ENABLE             cstackBANK0  0036
??_ENABLE1            cstackBANK0  0036
??_ccp1               cstackCOMMON 0070
??_lcd                cstackBANK0  0036
??_main               cstackBANK0  0036
?_DELAY               cstackCOMMON 0070
?_ENABLE              cstackCOMMON 0070
?_ENABLE1             cstackCOMMON 0070
?_ccp1                cstackCOMMON 0070
?_lcd                 cstackCOMMON 0070
?_main                cstackCOMMON 0070
DELAY@i               cstackBANK0  0034
_ADCON1               (abs)        009F
_CARRY                (abs)        0018
_CCP1CON              (abs)        0017
_CCP1IE               (abs)        0462
_CCP1IF               (abs)        0062
_CCPR1H               (abs)        0016
_CCPR1L               (abs)        0015
_DELAY                text234      012C
_EEADR                (abs)        010D
_EECON1               (abs)        018C
_EECON2               (abs)        018D
_EEDATA               (abs)        010C
_ENABLE               text233      0194
_ENABLE1              text232      0186
_GIE                  (abs)        005F
_PEIE                 (abs)        005E
_PORTD                (abs)        0008
_RA3                  (abs)        002B
_RA4                  (abs)        002C
_RA5                  (abs)        002D
_RD                   (abs)        0C60
_T1CON                (abs)        0010
_TEMP1                bssBANK0     0030
_TEMP2                bssBANK0     0032
_TMR1H                (abs)        000F
_TMR1IE               (abs)        0460
_TMR1IF               (abs)        0060
_TMR1L                (abs)        000E
_TMR1ON               (abs)        0080
_TRISA                (abs)        0085
_TRISC2               (abs)        043A
_TRISD                (abs)        0088
_WR                   (abs)        0C61
_WREN                 (abs)        0C62
_Z                    bssCOMMON    0076
__Habs1               abs1         0000
__Hbank0              bank0        0000
__Hbank1              bank1        0000
__Hbank2              bank2        0000
__Hbank3              bank3        0000
__HbitbssCOMMON       bitbssCOMMON 0000
__HbssBANK0           bssBANK0     0000
__HbssCOMMON          bssCOMMON    0000
__Hcinit              cinit        0000
__Hclrtext            clrtext      0000
__Hcode               code         0000
__Hcommon             common       0000
__Hconfig             config       2008
__HcstackBANK0        cstackBANK0  0000
__HcstackCOMMON       cstackCOMMON 0000
__HdataBANK0          dataBANK0    0000
__Heeprom_data        eeprom_data  0000
__Hend_init           end_init     0015
__Hfunctab            functab      0000
__HidataBANK0         idataBANK0   0000
__Hidloc              idloc        0000
__Hinit               init         0012
__Hinittext           inittext     0000
__Hintentry           intentry     0012
__Hmaintext           maintext     0000
__Hpowerup            powerup      0000
__Hram                ram          0000
__Hreset_vec          reset_vec    0003
__Hsfr0               sfr0         0000
__Hsfr1               sfr1         0000
__Hsfr2               sfr2         0000
__Hsfr3               sfr3         0000
__Hstrings            strings      0000
__Htext               text         0000
__Labs1               abs1         0000
__Lbank0              bank0        0000
__Lbank1              bank1        0000
__Lbank2              bank2        0000
__Lbank3              bank3        0000
__LbitbssCOMMON       bitbssCOMMON 0000
__LbssBANK0           bssBANK0     0000
__LbssCOMMON          bssCOMMON    0000
__Lcinit              cinit        0000
__Lclrtext            clrtext      0000
__Lcode               code         0000
__Lcommon             common       0000
__Lconfig             config       2007
__LcstackBANK0        cstackBANK0  0000
__LcstackCOMMON       cstackCOMMON 0000
__LdataBANK0          dataBANK0    0000
__Leeprom_data        eeprom_data  0000
__Lend_init           end_init     0012
__Lfunctab            functab      0000
__LidataBANK0         idataBANK0   0000
__Lidloc              idloc        0000
__Linit               init         0012
__Linittext           inittext     0000
__Lintentry           intentry     0004
__Lmaintext           maintext     0000
__Lpowerup            powerup      0000
__Lram                ram          0000
__Lreset_vec          reset_vec    0000
__Lsfr0               sfr0         0000
__Lsfr1               sfr1         0000
__Lsfr2               sfr2         0000
__Lsfr3               sfr3         0000
__Lstrings            strings      0000
__Ltext               text         0000
__S0                  (abs)        2008
__S1                  (abs)        007B
__S2                  (abs)        0000
__end_of_DELAY        text234      0148
__end_of_ENABLE       text233      01A2
__end_of_ENABLE1      text232      0194
__end_of_ccp1         text235      00FB
__end_of_lcd          text231      012C
__end_of_main         maintext     00B1
__pbitbssCOMMON       bitbssCOMMON 03D0
__pbssBANK0           bssBANK0     0030
__pbssCOMMON          bssCOMMON    0076
__pcstackBANK0        cstackBANK0  0034
__pcstackCOMMON       cstackCOMMON 0070
__pdataBANK0          dataBANK0    0020
__pidataBANK0         idataBANK0   0176
__pintentry           intentry     0004
__pmaintext           maintext     0015
__ptext231            text231      00FB
__ptext232            text232      0186
__ptext233            text233      0194
__ptext234            text234      012C
__ptext235            text235      00B1
__ptext236            text236      0000
__size_of_DELAY       (abs)        0000
__size_of_ENABLE      (abs)        0000
__size_of_ENABLE1     (abs)        0000
__size_of_ccp1        (abs)        0000
__size_of_lcd         (abs)        0000
__size_of_main        (abs)        0000
_a                    bitbssCOMMON 03D0
_ccp1                 text235      00B1
_exit                 init         0012
_lcd                  text231      00FB
_main                 maintext     0015
_table                dataBANK0    0020
_x                    bssCOMMON    0077
_y                    bssCOMMON    0078
_z                    bssCOMMON    0079
btemp                 (abs)        007E
end_of_initialization cinit        015F
init_fetch            inittext     0163
init_ram              inittext     0167
interrupt_function    intentry     0004
intlevel0             functab      0000
intlevel1             functab      0000
intlevel2             functab      0000
intlevel3             functab      0000
intlevel4             functab      0000
intlevel5             functab      0000
reset_vec             reset_vec    0000
saved_w               (abs)        007E
start                 init         0012
start_initialization  cinit        0148
wtemp0                (abs)        007E
